<html>
<body>
<pre>
<h1>礦ision Build Log</h1>
<h2>Tool Versions:</h2>
IDE-Version: μVision V5.16a
Copyright (C) 2015 ARM Ltd and ARM Germany GmbH. All rights reserved.
License Information: 1 1, 1, LIC=6XJJJ-UHB7W-TJH6H-WAAG5-VTY5A-SR3DA
 
Tool Versions:
Toolchain:       MDK-ARM Professional  Version: 5.16a
Toolchain Path:  C:\Keil_v5\ARM\ARMCC\Bin
C Compiler:      Armcc.exe V5.06 (build 20)
Assembler:       Armasm.exe V5.06 (build 20)
Linker/Locator:  ArmLink.exe V5.06 (build 20)
Library Manager: ArmAr.exe V5.06 (build 20)
Hex Converter:   FromElf.exe V5.06 (build 20)
CPU DLL:         SARMCM3.DLL V5.16a
Dialog DLL:      DCM.DLL V1.13.2.0
Target DLL:      Segger\JL2CM3.dll V2.99.15.2
Dialog DLL:      TCM.DLL V1.14.5.0
 
<h2>Project:</h2>
C:\Users\Administrator\Desktop\实验22 PWM DAC实验\USER\PWM DAC.uvprojx
Project File Date:  08/05/2015

<h2>Output:</h2>
*** Using Compiler 'V5.06 (build 20)', folder: 'C:\Keil_v5\ARM\ARMCC\Bin'
Build target 'PWM DAC'
compiling system_stm32f4xx.c...
compiling stm32f4xx_it.c...
compiling main.c...
compiling led.c...
compiling key.c...
compiling lcd.c...
compiling pwmdac.c...
compiling adc.c...
compiling sys.c...
compiling delay.c...
compiling usart.c...
assembling startup_stm32f40_41xxx.s...
compiling misc.c...
compiling stm32f4xx_dbgmcu.c...
compiling stm32f4xx_gpio.c...
compiling stm32f4xx_fsmc.c...
compiling stm32f4xx_syscfg.c...
compiling stm32f4xx_tim.c...
compiling stm32f4xx_usart.c...
compiling stm32f4xx_adc.c...
compiling stm32f4xx_rcc.c...
linking...
Program Size: Code=33518 RO-data=6574 RW-data=56 ZI-data=1848  
FromELF: creating hex file...
"..\OBJ\PWM_DAC.axf" - 0 Error(s), 0 Warning(s).

<h2>Collection of Component include folders:</h2>
  C:\Users\Administrator\Desktop\实验22 PWM DAC实验\USER\RTE
  C:\Keil_v5\ARM\PACK\Keil\STM32F4xx_DFP\1.0.8\Device\Include

<h2>Collection of Component Files used:</h2>
Build Time Elapsed:  00:00:13
</pre>
</body>
</html>
